<?xml version="1.0" encoding="utf-8"?><testsuites><testsuite name="pytest" errors="0" failures="0" skipped="0" tests="0" time="0.011" timestamp="2025-03-17T12:50:30.726433-04:00" hostname="SKYNET" /></testsuites>